
> share-fridge@1.0.0 test:postgres
> node --test --test-timeout=60000 tests/postgres.integration.js

✔ migration runs twice and preserves existing UUID, timestamp and legacy password hash (278.875834ms)
✔ two independent API processes share created room, exact food timestamps, shopping and subscription (156.213ms)
✔ unique room constraint prevents concurrent create takeover across workers (42.008042ms)
✔ room isolation survives different process and identifier lookups (7.562333ms)
✔ concurrent consume is atomic/idempotent and creates one shopping row (21.637666ms)
✔ shopping insert failure rolls back food consumption in the same database transaction (16.865041ms)
✔ failed sign-in limiter is shared and race-safe across processes (277.647042ms)
✔ cold API process retains session room, food history, shopping, subscriptions and absolute dates (144.585167ms)
✔ nonowner RLS sees only signed-claim room; anonymous privileges and secrets stay unavailable (13.074958ms)
✔ real PostgreSQL handler rejects missing/default/weak production session secret before creating room (10.129209ms)
✔ readiness fails without migration, expected column, or production DATABASE_URL; no RAM fallback (3.269792ms)
ℹ tests 11
ℹ suites 0
ℹ pass 11
ℹ fail 0
ℹ cancelled 0
ℹ skipped 0
ℹ todo 0
ℹ duration_ms 1088.549292
