
> share-fridge@1.0.0 test:postgres
> node --test --test-timeout=60000 tests/postgres.integration.js

✔ migration runs twice and preserves existing UUID, timestamp and legacy password hash (192.881417ms)
✔ two independent API processes share created room, exact food timestamps, shopping and subscription (145.001042ms)
✔ unique room constraint prevents concurrent create takeover across workers (38.884375ms)
✔ room isolation survives different process and identifier lookups (5.36925ms)
✔ concurrent consume is atomic/idempotent and creates one shopping row (15.125875ms)
✔ shopping insert failure rolls back food consumption in the same database transaction (7.816042ms)
✔ failed sign-in limiter is shared and race-safe across processes (260.981334ms)
✔ cold API process retains session room, food history, shopping, subscriptions and absolute dates (126.4145ms)
✔ nonowner RLS sees only signed-claim room; anonymous privileges and secrets stay unavailable (5.844375ms)
✔ real PostgreSQL handler rejects missing/default/weak production session secret before creating room (5.888584ms)
✔ readiness fails without migration, expected column, or production DATABASE_URL; no RAM fallback (1.816209ms)
ℹ tests 11
ℹ suites 0
ℹ pass 11
ℹ fail 0
ℹ cancelled 0
ℹ skipped 0
ℹ todo 0
ℹ duration_ms 922.961292
