
> share-fridge@1.0.0 test:postgres
> node --test --test-timeout=60000 tests/postgres.integration.js

✔ migration runs twice and preserves existing UUID, timestamp and legacy password hash (155.734792ms)
✔ two independent API processes share created room, exact food timestamps, shopping and subscription (127.901875ms)
✔ unique room constraint prevents concurrent create takeover across workers (36.378417ms)
✔ room isolation survives different process and identifier lookups (5.266875ms)
✔ concurrent consume is atomic/idempotent and creates one shopping row (11.673958ms)
✔ shopping insert failure rolls back food consumption in the same database transaction (4.690333ms)
✔ failed sign-in limiter is shared and race-safe across processes (231.868042ms)
✔ cold API process retains session room, food history, shopping, subscriptions and absolute dates (102.358208ms)
✔ nonowner RLS sees only signed-claim room; anonymous privileges and secrets stay unavailable (5.256875ms)
✔ real PostgreSQL handler rejects missing/default/weak production session secret before creating room (4.805459ms)
✔ readiness fails without migration, expected column, or production DATABASE_URL; no RAM fallback (1.665875ms)
ℹ tests 11
ℹ suites 0
ℹ pass 11
ℹ fail 0
ℹ cancelled 0
ℹ skipped 0
ℹ todo 0
ℹ duration_ms 760.085625
